// Jest Snapshot v1, https://goo.gl/fbAQLP

exports[`Register component matches its own snapshot 1`] = `
<div
  className="myAccount__form myAccount__form--register"
  data-testid="registerComponentTestElement"
>
  <p>
    First time here? Register an account to start setting goals! 
  </p>
  <br />
  <form
    onSubmit={[Function]}
  >
    <div
      className="form-control"
    >
      <label>
        Name
      </label>
      <input
        name="name"
        onChange={[Function]}
        placeholder="Enter name"
        type="text"
        value=""
      />
    </div>
    <div
      className="form-control"
    >
      <label>
        Email
      </label>
      <input
        name="email"
        onChange={[Function]}
        placeholer="Enter email"
        type="text"
        value=""
      />
    </div>
    <div
      className="form-control"
    >
      <label>
        Password
      </label>
      <input
        name="password"
        onChange={[Function]}
        placeholder="Enter password"
        type="password"
        value=""
      />
    </div>
    <div
      className="form-control"
    >
      <label />
      <button
        type="submit"
      >
        Register
      </button>
    </div>
  </form>
</div>
`;
